PS C:\Users\riys\Desktop\c_activity_sets\set01> gdb a.exe
GNU gdb (GDB) 7.6.1
Copyright (C) 2013 Free Software Foundation, Inc.
License GPLv3+: GNU GPL version 3 or later <http://gnu.org/licenses/gpl.html>
This is free software: you are free to change and redistribute it.
There is NO WARRANTY, to the extent permitted by law.  Type "show copying"
and "show warranty" for details.
This GDB was configured as "mingw32".
For bug reporting instructions, please see:
<http://www.gnu.org/software/gdb/bugs/>...
Reading symbols from C:\Users\riys\Desktop\c_activity_sets\set01\a.exe...done.
(gdb) b main
Breakpoint 1 at 0x40146e: file problem04.c, line 9.
(gdb) r
Starting program: C:\Users\riys\Desktop\c_activity_sets\set01/a.exe
[New Thread 4128.0x5b24]
[New Thread 4128.0x1028]

Breakpoint 1, main () at problem04.c:9
9           num1 = input();
(gdb) s
input () at problem04.c:19
19          printf("Enter a number:");
(gdb) s
Enter a number:20           scanf("%d",&num);
(gdb) s
quit
21          return num;
(gdb) quit
A debugging session is active.

        Inferior 1 [process 4128] will be killed.

Quit anyway? (y or n) y
error return ../../gdb-7.6.1/gdb/windows-nat.c:1275 was 5
PS C:\Users\riys\Desktop\c_activity_sets\set01>