PS C:\Users\riys\Desktop\c_activity_sets\set01> gdb a.exe
GNU gdb (GDB) 7.6.1
Copyright (C) 2013 Free Software Foundation, Inc.
License GPLv3+: GNU GPL version 3 or later <http://gnu.org/licenses/gpl.html>
This is free software: you are free to change and redistribute it.
There is NO WARRANTY, to the extent permitted by law.  Type "show copying"
and "show warranty" for details.
This GDB was configured as "mingw32".
For bug reporting instructions, please see:
<http://www.gnu.org/software/gdb/bugs/>...
Reading symbols from C:\Users\riys\Desktop\c_activity_sets\set01\a.exe...done.
(gdb) b main 
Breakpoint 1 at 0x40146e: file problem11.c, line 14.
(gdb) r
Starting program: C:\Users\riys\Desktop\c_activity_sets\set01/a.exe
[New Thread 20840.0x4750]
[New Thread 20840.0x17ec]

Breakpoint 1, main () at problem11.c:14
14          Complex a=input_complex();
(gdb) s
input_complex () at problem11.c:23
23          printf("enter the real and imaginary part");
(gdb) s
enter the real and imaginary part24         scanf("%f %f",&c.real,&c.imaginary);
(gdb) s
s
25          return c;
(gdb) s
26      }
(gdb) s
main () at problem11.c:15
15          Complex b=input_complex();
(gdb) s
input_complex () at problem11.c:23
23          printf("enter the real and imaginary part");
(gdb) s
enter the real and imaginary part24         scanf("%f %f",&c.real,&c.imaginary);
(gdb) s
25          return c;
(gdb) quit
A debugging session is active.

        Inferior 1 [process 20840] will be killed.

Quit anyway? (y or n) y
error return ../../gdb-7.6.1/gdb/windows-nat.c:1275 was 5
PS C:\Users\riys\Desktop\c_activity_sets\set01>